// Jest Snapshot v1, https://goo.gl/fbAQLP

exports[`<BaseLoader /> matches the snapshot 1`] = `
<div
  className="base-loader"
>
  <div
    className="overlay fixed w-full h-screen top-0 z-19"
  />
  <div
    className="fixed flex flex-col justify-center items-center w-full h-screen top-0 z-20"
  />
</div>
`;
