// Jest Snapshot v1, https://goo.gl/fbAQLP

exports[`<Footer /> matches the snapshot 1`] = `
<div
  className="not-found-section flex flex-col w-full h-screen justify-center items-center"
>
  <p
    className="text-6xl"
  >
    Page Not Found :(
  </p>
  <a
    className="my-3 font-semibold"
    href="/"
  >
    Return to the homepage.
  </a>
</div>
`;
